// Jest Snapshot v1, https://goo.gl/fbAQLP

exports[`TreeModal renders correctly 1`] = `<View />`;
